  File "/sessions/trusting-vigilant-babbage/mnt/outputs/ccef_hopf_relax.py", line 136
    "
    ^
SyntaxError: unterminated string literal (detected at line 136)
  250 E= 255.536 A1= 145.55 A2=  56.36 A4=  53.63 vir/E=0.9787 Q=+0.9970 k= 3000.0 |g|=1.42
  500 E= 179.113 A1= 115.43 A2=  28.82 A4=  34.86 vir/E=1.0674 Q=+0.9913 k= 3000.0 |g|=13.32
  750 E= 113.783 A1=  76.46 A2=  19.11 A4=  18.22 vir/E=0.9845 Q=+0.9885 k= 3000.0 |g|=14.41
 1000 E=  61.839 A1=  37.61 A2=  16.91 A4=   7.31 vir/E=0.6895 Q=+0.9904 k= 3000.0 |g|=8.03
 1250 E=  45.145 A1=  26.90 A2=  17.37 A4=   0.88 vir/E=0.2693 Q=+0.9888 k= 3000.0 |g|=9.67
 1500 E=  42.700 A1=  24.93 A2=  17.52 A4=   0.25 vir/E=0.1909 Q=+0.9897 k= 3000.0 |g|=8.48
 1750 E=  45.472 A1=  27.51 A2=  17.72 A4=   0.24 vir/E=0.2310 Q=+0.9889 k= 3000.0 |g|=7.22
 2000 E=  44.111 A1=  25.76 A2=  18.13 A4=   0.21 vir/E=0.1876 Q=+0.9897 k= 3000.0 |g|=6.95
 2250 E=  46.726 A1=  27.97 A2=  18.52 A4=   0.24 vir/E=0.2175 Q=+0.9898 k= 3000.0 |g|=8.81
 2500 E=  45.332 A1=  27.16 A2=  17.93 A4=   0.24 vir/E=0.2196 Q=+0.9895 k= 3000.0 |g|=6.50
 2750 E=  42.840 A1=  24.97 A2=  17.66 A4=   0.22 vir/E=0.1859 Q=+0.9868 k= 2322.7 |g|=5.40
 3000 E=  43.487 A1=  25.65 A2=  17.61 A4=   0.22 vir/E=0.2002 Q=+0.9827 k= 1798.3 |g|=5.89
 3250 E=  42.761 A1=  25.02 A2=  17.53 A4=   0.22 vir/E=0.1904 Q=+0.9779 k= 1392.3 |g|=5.24
 3500 E=  42.974 A1=  25.25 A2=  17.51 A4=   0.21 vir/E=0.1949 Q=+0.9712 k= 1077.9 |g|=6.07
 3750 E=  41.540 A1=  24.13 A2=  17.22 A4=   0.19 vir/E=0.1804 Q=+0.9635 k=  834.5 |g|=5.72
 4000 E=  40.567 A1=  23.55 A2=  16.81 A4=   0.20 vir/E=0.1808 Q=+0.9535 k=  646.1 |g|=5.21
 4250 E=  40.037 A1=  23.53 A2=  16.30 A4=   0.21 vir/E=0.1959 Q=+0.9402 k=  500.2 |g|=5.04
 4500 E=  38.467 A1=  22.68 A2=  15.58 A4=   0.20 vir/E=0.2005 Q=+0.9247 k=  387.3 |g|=4.94
 4750 E=  37.487 A1=  22.35 A2=  14.94 A4=   0.20 vir/E=0.2136 Q=+0.9036 k=  299.9 |g|=4.76
 5000 E=  35.405 A1=  20.63 A2=  14.60 A4=   0.18 vir/E=0.1858 Q=+0.8775 k=  232.2 |g|=4.79
 5250 E=  33.657 A1=  19.67 A2=  13.83 A4=   0.16 vir/E=0.1879 Q=+0.8437 k=  179.7 |g|=4.50
 5500 E=  31.389 A1=  18.63 A2=  12.61 A4=   0.15 vir/E=0.2066 Q=+0.8034 k=  139.2 |g|=4.16
 5750 E=  28.847 A1=  17.27 A2=  11.43 A4=   0.15 vir/E=0.2177 Q=+0.7514 k=  107.7 |g|=3.55
